// Jest Snapshot v1, https://goo.gl/fbAQLP

exports[`Page correctly renders after relaunch 1`] = `
Array [
  <header
    className="page-header"
  >
    <a
      className="logo"
      href="/"
      onClick={[Function]}
    >
      <img
        alt="SEMrush"
        className="logo__image"
        src="test-file-stub"
        srcSet="test-file-stub 2x, test-file-stub 3x"
      />
    </a>
  </header>,
  <main
    className="page-main"
  >
    <div>
      test
    </div>
  </main>,
]
`;
